[assembly: System.Reflection.AssemblyMetadata("RepositoryUrl", "https://github.com/aweXpect/aweXpect.Testably.git")]
[assembly: System.Runtime.Versioning.TargetFramework(".NETCoreApp,Version=v8.0", FrameworkDisplayName=".NET 8.0")]
namespace aweXpect.Testably
{
    public class Dummy
    {
        public Dummy() { }
        public int Double(int value) { }
    }
}